// Jest Snapshot v1, https://goo.gl/fbAQLP

exports[`NoQuestionFound404 should match the snapshot 1`] = `
<DocumentFragment>
  <div
    class="md-6 container"
    style="margin: 20px auto 20px auto;"
  >
    <div
      class="col"
    >
      <div
        class="d-flex justify-content-center row"
      >
        <img
          alt="logo"
          class="rounded-circle"
          src="employees_pool_logo.jpg"
          style="width: 400px; height: 400px; margin-bottom: 48px;"
        />
      </div>
      <div
        class="row"
        style="margin-bottom: 48px;"
      >
        <h1
          class="d-flex justify-content-center"
        >
          Oops! Somenthing went wrong...
        </h1>
      </div>
      <div
        class="row"
        style="margin-bottom: 48px;"
      >
        <h2
          class="d-flex justify-content-center"
        >
          404: Question not found
        </h2>
      </div>
    </div>
  </div>
</DocumentFragment>
`;
